00:00 +0: loading C:/Users/Mateo/Documents/Aplicaciones/wallet-wise/test/widget_test.dart
00:00 +0: App starts smoke test
ÔòÉÔòÉÔòí EXCEPTION CAUGHT BY FLUTTER TEST FRAMEWORK Ôò×ÔòÉÔòÉÔòÉÔòÉÔòÉÔòÉÔòÉÔòÉÔòÉÔòÉÔòÉÔòÉÔòÉÔòÉÔòÉÔòÉÔòÉÔòÉÔòÉÔòÉÔòÉÔòÉÔòÉÔòÉÔòÉÔòÉÔòÉÔòÉÔòÉÔòÉÔòÉÔòÉÔòÉÔòÉÔòÉÔòÉÔòÉÔòÉÔòÉÔòÉÔòÉÔòÉÔòÉÔòÉÔòÉÔòÉÔòÉÔòÉÔòÉÔòÉÔòÉÔòÉ
The following UnsupportedError was thrown running a test:
Unsupported operation: Cannot modify an unmodifiable list

When the exception was thrown, this was the stack:
#0      UnmodifiableListMixin.sort (dart:_internal/list.dart:147:5)
#1      RxList.sort (package:get/get_rx/src/rx_types/rx_iterables/rx_list.dart:124:12)
#2      ExpensesController.loadExpenses.<anonymous closure> (package:wise_wallet/app/controllers/expenses_controller.dart:96:19)
#3      Right.fold (package:dartz/src/either.dart:200:64)
#4      ExpensesController.loadExpenses (package:wise_wallet/app/controllers/expenses_controller.dart:86:12)
<asynchronous suspension>

The test description was:
  App starts smoke test
ÔòÉÔòÉÔòÉÔòÉÔòÉÔòÉÔòÉÔòÉÔòÉÔòÉÔòÉÔòÉÔòÉÔòÉÔòÉÔòÉÔòÉÔòÉÔòÉÔòÉÔòÉÔòÉÔòÉÔòÉÔòÉÔòÉÔòÉÔòÉÔòÉÔòÉÔòÉÔòÉÔòÉÔòÉÔòÉÔòÉÔòÉÔòÉÔòÉÔòÉÔòÉÔòÉÔòÉÔòÉÔòÉÔòÉÔòÉÔòÉÔòÉÔòÉÔòÉÔòÉÔòÉÔòÉÔòÉÔòÉÔòÉÔòÉÔòÉÔòÉÔòÉÔòÉÔòÉÔòÉÔòÉÔòÉÔòÉÔòÉÔòÉÔòÉÔòÉÔòÉÔòÉÔòÉÔòÉÔòÉÔòÉÔòÉÔòÉÔòÉÔòÉÔòÉÔòÉÔòÉÔòÉÔòÉÔòÉÔòÉÔòÉÔòÉÔòÉÔòÉÔòÉÔòÉÔòÉÔòÉÔòÉÔòÉÔòÉÔòÉ
00:01 +0 -1: App starts smoke test [E]
  Test failed. See exception logs above.
  The test description was: App starts smoke test
  
ÔòÉÔòÉÔòí EXCEPTION CAUGHT BY SCHEDULER LIBRARY Ôò×ÔòÉÔòÉÔòÉÔòÉÔòÉÔòÉÔòÉÔòÉÔòÉÔòÉÔòÉÔòÉÔòÉÔòÉÔòÉÔòÉÔòÉÔòÉÔòÉÔòÉÔòÉÔòÉÔòÉÔòÉÔòÉÔòÉÔòÉÔòÉÔòÉÔòÉÔòÉÔòÉÔòÉÔòÉÔòÉÔòÉÔòÉÔòÉÔòÉÔòÉÔòÉÔòÉÔòÉÔòÉÔòÉÔòÉÔòÉÔòÉÔòÉÔòÉÔòÉÔòÉÔòÉÔòÉÔòÉÔòÉÔòÉ
The following UnsupportedError was thrown during a scheduler callback:
Unsupported operation: Cannot modify an unmodifiable list

When the exception was thrown, this was the stack:
#0      UnmodifiableListMixin.sort (dart:_internal/list.dart:147:5)
#1      RxList.sort (package:get/get_rx/src/rx_types/rx_iterables/rx_list.dart:124:12)
#2      ExpensesController.onReady (package:wise_wallet/app/controllers/expenses_controller.dart:75:15)
#3      DisposableInterface.onInit.<anonymous closure> (package:get/get_state_manager/src/rx_flutter/rx_disposable.dart:21:44)
#4      SchedulerBinding._invokeFrameCallback (package:flutter/src/scheduler/binding.dart:1434:15)
#5      SchedulerBinding.handleDrawFrame (package:flutter/src/scheduler/binding.dart:1361:11)
#6      AutomatedTestWidgetsFlutterBinding.pump.<anonymous closure> (package:flutter_test/src/binding.dart:1335:9)
#9      TestAsyncUtils.guard (package:flutter_test/src/test_async_utils.dart:74:41)
#10     AutomatedTestWidgetsFlutterBinding.pump (package:flutter_test/src/binding.dart:1324:27)
#11     WidgetTester.pumpWidget.<anonymous closure> (package:flutter_test/src/widget_tester.dart:598:22)
#14     TestAsyncUtils.guard (package:flutter_test/src/test_async_utils.dart:74:41)
#15     WidgetTester.pumpWidget (package:flutter_test/src/widget_tester.dart:595:27)
#16     main.<anonymous closure> (file:///C:/Users/Mateo/Documents/Aplicaciones/wallet-wise/test/widget_test.dart:66:18)
#17     testWidgets.<anonymous closure>.<anonymous closure> (package:flutter_test/src/widget_tester.dart:192:29)
<asynchronous suspension>
#18     TestWidgetsFlutterBinding._runTestBody (package:flutter_test/src/binding.dart:1059:5)
<asynchronous suspension>
<asynchronous suspension>
(elided 5 frames from dart:async and package:stack_trace)
ÔòÉÔòÉÔòÉÔòÉÔòÉÔòÉÔòÉÔòÉÔòÉÔòÉÔòÉÔòÉÔòÉÔòÉÔòÉÔòÉÔòÉÔòÉÔòÉÔòÉÔòÉÔòÉÔòÉÔòÉÔòÉÔòÉÔòÉÔòÉÔòÉÔòÉÔòÉÔòÉÔòÉÔòÉÔòÉÔòÉÔòÉÔòÉÔòÉÔòÉÔòÉÔòÉÔòÉÔòÉÔòÉÔòÉÔòÉÔòÉÔòÉÔòÉÔòÉÔòÉÔòÉÔòÉÔòÉÔòÉÔòÉÔòÉÔòÉÔòÉÔòÉÔòÉÔòÉÔòÉÔòÉÔòÉÔòÉÔòÉÔòÉÔòÉÔòÉÔòÉÔòÉÔòÉÔòÉÔòÉÔòÉÔòÉÔòÉÔòÉÔòÉÔòÉÔòÉÔòÉÔòÉÔòÉÔòÉÔòÉÔòÉÔòÉÔòÉÔòÉÔòÉÔòÉÔòÉÔòÉÔòÉÔòÉÔòÉÔòÉ
  Test failed. See exception logs above.
  The test description was: App starts smoke test
  
00:01 +0 -1: Some tests failed.
